// Vitest Snapshot v1, https://vitest.dev/guide/snapshot.html

exports[`Multicall with address '0xdead' > should error when all fail > 
      [
        "rejected",
        "rejected",
      ]
     1`] = `
[
  "rejected",
  "rejected",
]
`;

exports[`Multicall with address '0xdead' > should partially error with a single error > 
      [
        "fulfilled",
        "rejected",
      ]
     1`] = `
[
  "fulfilled",
  "rejected",
]
`;

exports[`Multicall with address '0xdead' > should partially error with multiple errors > 
      [
        "rejected",
        "fulfilled",
        "rejected",
      ]
     1`] = `
[
  "rejected",
  "fulfilled",
  "rejected",
]
`;

exports[`Multicall with address undefined > should error when all fail > 
      [
        "rejected",
        "rejected",
      ]
     1`] = `
[
  "rejected",
  "rejected",
]
`;

exports[`Multicall with address undefined > should partially error with a single error > 
      [
        "fulfilled",
        "rejected",
      ]
     1`] = `
[
  "fulfilled",
  "rejected",
]
`;

exports[`Multicall with address undefined > should partially error with multiple errors > 
      [
        "rejected",
        "fulfilled",
        "rejected",
      ]
     1`] = `
[
  "rejected",
  "fulfilled",
  "rejected",
]
`;
